Modules list:
-------------
main.o:
    CODE              Offs=000000  Size=000003  Align=00001  Fill=0000
crt0.o:
    STARTUP           Offs=000000  Size=00002C  Align=00001  Fill=0000
    VECTORS           Offs=000000  Size=000006  Align=00001  Fill=0000
fs.o:
    CODE              Offs=000003  Size=000113  Align=00001  Fill=0000
    BSS               Offs=000000  Size=000011  Align=00001  Fill=0000
    DATA              Offs=000000  Size=000003  Align=00001  Fill=0000
graphics.o:
    CODE              Offs=000116  Size=0007D3  Align=00001  Fill=0000
    RODATA            Offs=000000  Size=0004D5  Align=00001  Fill=0000
    DATA              Offs=000003  Size=000014  Align=00001  Fill=0000
serial.o:
    CODE              Offs=0008E9  Size=0000C4  Align=00001  Fill=0000
    RODATA            Offs=0004D5  Size=000011  Align=00001  Fill=0000
    DATA              Offs=000017  Size=000002  Align=00001  Fill=0000
calculator.o:
    CODE              Offs=0009AD  Size=0003FA  Align=00001  Fill=0000
    RODATA            Offs=0004E6  Size=00003F  Align=00001  Fill=0000
    BSS               Offs=000011  Size=000002  Align=00001  Fill=0000
    DATA              Offs=000019  Size=000001  Align=00001  Fill=0000
shell.o:
    CODE              Offs=000DA7  Size=0001B4  Align=00001  Fill=0000
    RODATA            Offs=000525  Size=000020  Align=00001  Fill=0000
    DATA              Offs=00001A  Size=000005  Align=00001  Fill=0000
malloc.o:
    CODE              Offs=000F5B  Size=00027C  Align=00001  Fill=0000
    DATA              Offs=00001F  Size=000002  Align=00001  Fill=0000
mem.o:
    CODE              Offs=0011D7  Size=0001D3  Align=00001  Fill=0000
syscall.o:
    CODE              Offs=0013AA  Size=0001FC  Align=00001  Fill=0000
    DATA              Offs=000021  Size=000003  Align=00001  Fill=0000
window.o:
    CODE              Offs=0015A6  Size=000562  Align=00001  Fill=0000
    BSS               Offs=000013  Size=000004  Align=00001  Fill=0000
    DATA              Offs=000024  Size=00000C  Align=00001  Fill=0000
context.o:
    CODE              Offs=001B08  Size=000054  Align=00001  Fill=0000
    STARTUP           Offs=00002C  Size=0000A6  Align=00001  Fill=0000
tasks.o:
    CODE              Offs=001B5C  Size=0003AA  Align=00001  Fill=0000
    BSS               Offs=000017  Size=000018  Align=00001  Fill=0000
    DATA              Offs=000030  Size=000002  Align=00001  Fill=0000
cpu/sbc.lib(addeqsp.o):
    CODE              Offs=001F06  Size=000011  Align=00001  Fill=0000
cpu/sbc.lib(addysp.o):
    CODE              Offs=001F17  Size=00000E  Align=00001  Fill=0000
cpu/sbc.lib(asr.o):
    CODE              Offs=001F25  Size=00003C  Align=00001  Fill=0000
cpu/sbc.lib(condes.o):
    CODE              Offs=001F61  Size=00000C  Align=00001  Fill=0000
    DATA              Offs=000032  Size=000025  Align=00001  Fill=0000
    ONCE              Offs=000000  Size=00000C  Align=00001  Fill=0000
cpu/sbc.lib(copydata.o):
    CODE              Offs=001F6D  Size=00002D  Align=00001  Fill=0000
cpu/sbc.lib(decax1.o):
    CODE              Offs=001F9A  Size=000007  Align=00001  Fill=0000
cpu/sbc.lib(decax7.o):
    CODE              Offs=001FA1  Size=000007  Align=00001  Fill=0000
cpu/sbc.lib(decaxy.o):
    CODE              Offs=001FA8  Size=000009  Align=00001  Fill=0000
cpu/sbc.lib(decsp1.o):
    CODE              Offs=001FB1  Size=000009  Align=00001  Fill=0000
cpu/sbc.lib(decsp2.o):
    CODE              Offs=001FBA  Size=00000D  Align=00001  Fill=0000
cpu/sbc.lib(decsp4.o):
    CODE              Offs=001FC7  Size=00000D  Align=00001  Fill=0000
cpu/sbc.lib(decsp5.o):
    CODE              Offs=001FD4  Size=00000D  Align=00001  Fill=0000
cpu/sbc.lib(div.o):
    CODE              Offs=001FE1  Size=000015  Align=00001  Fill=0000
cpu/sbc.lib(icmp.o):
    CODE              Offs=001FF6  Size=00002E  Align=00001  Fill=0000
cpu/sbc.lib(incax1.o):
    CODE              Offs=002024  Size=000007  Align=00001  Fill=0000
cpu/sbc.lib(incax2.o):
    CODE              Offs=00202B  Size=000007  Align=00001  Fill=0000
cpu/sbc.lib(incax3.o):
    CODE              Offs=002032  Size=000005  Align=00001  Fill=0000
cpu/sbc.lib(incax5.o):
    CODE              Offs=002037  Size=000005  Align=00001  Fill=0000
cpu/sbc.lib(incax6.o):
    CODE              Offs=00203C  Size=000005  Align=00001  Fill=0000
cpu/sbc.lib(incax7.o):
    CODE              Offs=002041  Size=000005  Align=00001  Fill=0000
cpu/sbc.lib(incaxy.o):
    CODE              Offs=002046  Size=00000B  Align=00001  Fill=0000
cpu/sbc.lib(incsp1.o):
    CODE              Offs=002051  Size=000007  Align=00001  Fill=0000
cpu/sbc.lib(incsp2.o):
    CODE              Offs=002058  Size=000016  Align=00001  Fill=0000
cpu/sbc.lib(incsp3.o):
    CODE              Offs=00206E  Size=000005  Align=00001  Fill=0000
cpu/sbc.lib(incsp4.o):
    CODE              Offs=002073  Size=000005  Align=00001  Fill=0000
cpu/sbc.lib(incsp5.o):
    CODE              Offs=002078  Size=000005  Align=00001  Fill=0000
cpu/sbc.lib(incsp6.o):
    CODE              Offs=00207D  Size=000005  Align=00001  Fill=0000
cpu/sbc.lib(incsp7.o):
    CODE              Offs=002082  Size=000005  Align=00001  Fill=0000
cpu/sbc.lib(incsp8.o):
    CODE              Offs=002087  Size=000005  Align=00001  Fill=0000
cpu/sbc.lib(jmpvec.o):
    DATA              Offs=000057  Size=000003  Align=00001  Fill=0000
cpu/sbc.lib(ldaxi.o):
    CODE              Offs=00208C  Size=00000D  Align=00001  Fill=0000
cpu/sbc.lib(ldaxsp.o):
    CODE              Offs=002099  Size=000009  Align=00001  Fill=0000
cpu/sbc.lib(leaaxsp.o):
    CODE              Offs=0020A2  Size=00000C  Align=00001  Fill=0000
cpu/sbc.lib(makebool.o):
    CODE              Offs=0020AE  Size=00002C  Align=00001  Fill=0000
cpu/sbc.lib(mod.o):
    CODE              Offs=0020DA  Size=000011  Align=00001  Fill=0000
cpu/sbc.lib(mul.o):
    CODE              Offs=0020EB  Size=000045  Align=00001  Fill=0000
cpu/sbc.lib(mul8.o):
    CODE              Offs=002130  Size=00003A  Align=00001  Fill=0000
cpu/sbc.lib(mulax10.o):
    CODE              Offs=00216A  Size=000019  Align=00001  Fill=0000
cpu/sbc.lib(mulax3.o):
    CODE              Offs=002183  Size=000011  Align=00001  Fill=0000
cpu/sbc.lib(mulax9.o):
    CODE              Offs=002194  Size=000017  Align=00001  Fill=0000
cpu/sbc.lib(negabs.o):
    CODE              Offs=0021AB  Size=000012  Align=00001  Fill=0000
cpu/sbc.lib(popptr1.o):
    CODE              Offs=0021BD  Size=00000E  Align=00001  Fill=0000
cpu/sbc.lib(pusha.o):
    CODE              Offs=0021CB  Size=000016  Align=00001  Fill=0000
cpu/sbc.lib(pushax.o):
    CODE              Offs=0021E1  Size=00001A  Align=00001  Fill=0000
cpu/sbc.lib(pushw.o):
    CODE              Offs=0021FB  Size=00000F  Align=00001  Fill=0000
cpu/sbc.lib(pushwsp.o):
    CODE              Offs=00220A  Size=00001C  Align=00001  Fill=0000
cpu/sbc.lib(shelp.o):
    CODE              Offs=002226  Size=000020  Align=00001  Fill=0000
cpu/sbc.lib(staspidx.o):
    CODE              Offs=002246  Size=000016  Align=00001  Fill=0000
cpu/sbc.lib(staxsp.o):
    CODE              Offs=00225C  Size=00000B  Align=00001  Fill=0000
cpu/sbc.lib(sub.o):
    CODE              Offs=002267  Size=000015  Align=00001  Fill=0000
cpu/sbc.lib(subysp.o):
    CODE              Offs=00227C  Size=00000D  Align=00001  Fill=0000
cpu/sbc.lib(udiv.o):
    CODE              Offs=002289  Size=00004F  Align=00001  Fill=0000
cpu/sbc.lib(zerobss.o):
    CODE              Offs=0022D8  Size=000023  Align=00001  Fill=0000
cpu/sbc.lib(zeropage.o):
    ZEROPAGE          Offs=000000  Size=00001A  Align=00001  Fill=0000


Segment list:
-------------
Name                   Start     End    Size  Align
----------------------------------------------------
ZEROPAGE              000000  000019  00001A  00001
DATA                  000200  000259  00005A  00001
BSS                   00025A  000288  00002F  00001
STARTUP               00905A  00912B  0000D2  00001
ONCE                  00912C  009137  00000C  00001
CODE                  009138  00B432  0022FB  00001
RODATA                00B433  00B977  000545  00001
VECTORS               00FFFA  00FFFF  000006  00001


Exports list by name:
---------------------
__BSS_RUN__               00025A RLA    __BSS_SIZE__              00002F REA    
__CONSTRUCTOR_COUNT__     000000 REA    __CONSTRUCTOR_TABLE__     00912C RLA    
__DATA_LOAD__             009000 RLA    __DATA_RUN__              000200 RLA    
__DATA_SIZE__             00005A REA    __DESTRUCTOR_COUNT__      000000 REA    
__DESTRUCTOR_TABLE__      00912C RLA    __RAM_SIZE__              000D00 REA    
__RAM_START__             000200 RLA    __STARTUP__               000001 REA    
_cmain                    009D09 RLA    _continue_task            00AC7E RLA    
_create_new_element       00A6DE RLA    _flashing                 009EDF RLA    
_fstest                   009233 RLA    _init_flash               00A6AE RLA    
_init_task_internal       00AC40 RLA    _inttostr                 00A3CF RLA    
_kclear                   0097CC RLA    _kill_flash               00A6C6 RLA    
_kprint                   00955C RLA    _krectangle               00924E RLA    
_kreplace                 00929A RLA    _ksprint_hex              009A5D RLA    
_ktext                    009744 RLA    _main                     009138 RLA    
_mainloop                 00A7D3 RLA    _nmi_int                  009086 RLA    
_strcmp                   00A30F RLA    addeq0sp                  00B03E RLA    
addysp                    00B050 RLA    addysp1                   00B04F RLA    
asraxy                    00B064 RLA    booleq                    00B1EC RLA    
copydata                  00B0A5 RLA    decax1                    00B0D2 RLA    
decax7                    00B0D9 RLA    decaxy                    00B0E0 RLA    
decsp1                    00B0E9 RLA    decsp2                    00B0F2 RLA    
decsp4                    00B0FF RLA    decsp5                    00B10C RLA    
donelib                   00B099 RLA    incax1                    00B15C RLA    
incax2                    00B163 RLA    incax3                    00B16A RLA    
incax4                    00B17E RLA    incax5                    00B16F RLA    
incax6                    00B174 RLA    incax7                    00B179 RLA    
incaxy                    00B180 RLA    incsp1                    00B189 RLA    
incsp2                    00B198 RLA    incsp3                    00B1A6 RLA    
incsp4                    00B1AB RLA    incsp5                    00B1B0 RLA    
incsp6                    00B1B5 RLA    incsp7                    00B1BA RLA    
incsp8                    00B1BF RLA    initlib                   00912C RLA    
jmpvec                    000257 RLA    ldax0sp                   00B1D1 RLA    
ldaxi                     00B1C4 RLA    ldaxidx                   00B1C6 RLA    
ldaxysp                   00B1D3 RLA    leaa0sp                   00B1DA RLA    
mul8x16                   00B26A RLA    mul8x16a                  00B274 RLA    
mulax10                   00B2A2 RLA    mulax3                    00B2BB RLA    
mulax9                    00B2CC RLA    negax                     00B2E7 RLA    
popax                     00B190 RLA    popptr1                   00B2F5 RLA    
popsargsudiv16            00B35E RLA    ptr1                      000008 RLZ    
ptr2                      00000A RLZ    ptr4                      00000E RLZ    
push0                     00B319 RLA    pusha                     00B307 RLA    
pusha0                    00B31B RLA    pushax                    00B31D RLA    
pushwidx                  00B335 RLA    pushwysp                  00B344 RLA    
sp                        000000 RLZ    sreg                      000002 RLZ    
staspidx                  00B37E RLA    stax0sp                   00B394 RLA    
staxysp                   00B396 RLA    subysp                    00B3B4 RLA    
tmp1                      000010 RLZ    tmp2                      000011 RLZ    
tosdiva0                  00B119 RLA    tosdivax                  00B11B RLA    
tosicmp                   00B130 RLA    tosmoda0                  00B212 RLA    
tosmula0                  00B268 RLA    tosmulax                  00B223 RLA    
tossuba0                  00B39F RLA    tosumula0                 00B268 RLA    
udiv16                    00B3D2 RLA    zerobss                   00B410 RLA    



Exports list by value:
----------------------
__CONSTRUCTOR_COUNT__     000000 REA    sp                        000000 RLZ    
__DESTRUCTOR_COUNT__      000000 REA    __STARTUP__               000001 REA    
sreg                      000002 RLZ    ptr1                      000008 RLZ    
ptr2                      00000A RLZ    ptr4                      00000E RLZ    
tmp1                      000010 RLZ    tmp2                      000011 RLZ    
__BSS_SIZE__              00002F REA    __DATA_SIZE__             00005A REA    
__RAM_START__             000200 RLA    __DATA_RUN__              000200 RLA    
jmpvec                    000257 RLA    __BSS_RUN__               00025A RLA    
__RAM_SIZE__              000D00 REA    __DATA_LOAD__             009000 RLA    
_nmi_int                  009086 RLA    initlib                   00912C RLA    
__CONSTRUCTOR_TABLE__     00912C RLA    __DESTRUCTOR_TABLE__      00912C RLA    
_main                     009138 RLA    _fstest                   009233 RLA    
_krectangle               00924E RLA    _kreplace                 00929A RLA    
_kprint                   00955C RLA    _ktext                    009744 RLA    
_kclear                   0097CC RLA    _ksprint_hex              009A5D RLA    
_cmain                    009D09 RLA    _flashing                 009EDF RLA    
_strcmp                   00A30F RLA    _inttostr                 00A3CF RLA    
_init_flash               00A6AE RLA    _kill_flash               00A6C6 RLA    
_create_new_element       00A6DE RLA    _mainloop                 00A7D3 RLA    
_init_task_internal       00AC40 RLA    _continue_task            00AC7E RLA    
addeq0sp                  00B03E RLA    addysp1                   00B04F RLA    
addysp                    00B050 RLA    asraxy                    00B064 RLA    
donelib                   00B099 RLA    copydata                  00B0A5 RLA    
decax1                    00B0D2 RLA    decax7                    00B0D9 RLA    
decaxy                    00B0E0 RLA    decsp1                    00B0E9 RLA    
decsp2                    00B0F2 RLA    decsp4                    00B0FF RLA    
decsp5                    00B10C RLA    tosdiva0                  00B119 RLA    
tosdivax                  00B11B RLA    tosicmp                   00B130 RLA    
incax1                    00B15C RLA    incax2                    00B163 RLA    
incax3                    00B16A RLA    incax5                    00B16F RLA    
incax6                    00B174 RLA    incax7                    00B179 RLA    
incax4                    00B17E RLA    incaxy                    00B180 RLA    
incsp1                    00B189 RLA    popax                     00B190 RLA    
incsp2                    00B198 RLA    incsp3                    00B1A6 RLA    
incsp4                    00B1AB RLA    incsp5                    00B1B0 RLA    
incsp6                    00B1B5 RLA    incsp7                    00B1BA RLA    
incsp8                    00B1BF RLA    ldaxi                     00B1C4 RLA    
ldaxidx                   00B1C6 RLA    ldax0sp                   00B1D1 RLA    
ldaxysp                   00B1D3 RLA    leaa0sp                   00B1DA RLA    
booleq                    00B1EC RLA    tosmoda0                  00B212 RLA    
tosmulax                  00B223 RLA    tosumula0                 00B268 RLA    
tosmula0                  00B268 RLA    mul8x16                   00B26A RLA    
mul8x16a                  00B274 RLA    mulax10                   00B2A2 RLA    
mulax3                    00B2BB RLA    mulax9                    00B2CC RLA    
negax                     00B2E7 RLA    popptr1                   00B2F5 RLA    
pusha                     00B307 RLA    push0                     00B319 RLA    
pusha0                    00B31B RLA    pushax                    00B31D RLA    
pushwidx                  00B335 RLA    pushwysp                  00B344 RLA    
popsargsudiv16            00B35E RLA    staspidx                  00B37E RLA    
stax0sp                   00B394 RLA    staxysp                   00B396 RLA    
tossuba0                  00B39F RLA    subysp                    00B3B4 RLA    
udiv16                    00B3D2 RLA    zerobss                   00B410 RLA    



Imports list:
-------------
__BSS_RUN__ ([linker generated]):
    zerobss.o                 common/zerobss.s:8
__BSS_SIZE__ ([linker generated]):
    zerobss.o                 common/zerobss.s:8
__CONSTRUCTOR_COUNT__ ([linker generated]):
    condes.o                  runtime/condes.s:18
__CONSTRUCTOR_TABLE__ ([linker generated]):
    condes.o                  runtime/condes.s:18
__DATA_LOAD__ ([linker generated]):
    copydata.o                common/copydata.s:8
__DATA_RUN__ ([linker generated]):
    copydata.o                common/copydata.s:8
__DATA_SIZE__ ([linker generated]):
    copydata.o                common/copydata.s:8
__DESTRUCTOR_COUNT__ ([linker generated]):
    condes.o                  runtime/condes.s:19
__DESTRUCTOR_TABLE__ ([linker generated]):
    condes.o                  runtime/condes.s:19
__RAM_SIZE__ ([linker generated]):
    context.o                 tasks/context.s:1
    crt0.o                    cpu/crt0.s:7
__RAM_START__ ([linker generated]):
    context.o                 tasks/context.s:1
    crt0.o                    cpu/crt0.s:7
__STARTUP__ (crt0.o):
    main.o                    main.s:13
_cmain (calculator.o):
    tasks.o                   tasks/tasks.s:18
_continue_task (context.o):
    tasks.o                   tasks/tasks.s:14
_create_new_element (window.o):
    calculator.o              runnable/calculator.s:13
_flashing (shell.o):
    tasks.o                   tasks/tasks.s:17
_fstest (fs.o):
    main.o                    main.s:14
_init_flash (syscall.o):
    shell.o                   runnable/shell.s:18
_init_task_internal (context.o):
    tasks.o                   tasks/tasks.s:13
_inttostr (mem.o):
    calculator.o              runnable/calculator.s:16
_kclear (graphics.o):
    shell.o                   runnable/shell.s:17
_kill_flash (syscall.o):
    shell.o                   runnable/shell.s:19
_kprint (graphics.o):
    shell.o                   runnable/shell.s:16
_krectangle (graphics.o):
    tasks.o                   tasks/tasks.s:15
    window.o                  stdlib/window.s:15
    shell.o                   runnable/shell.s:15
_kreplace (graphics.o):
    window.o                  stdlib/window.s:16
_ksprint_hex (serial.o):
    tasks.o                   tasks/tasks.s:16
    shell.o                   runnable/shell.s:20
    calculator.o              runnable/calculator.s:17
_ktext (graphics.o):
    window.o                  stdlib/window.s:17
_main (main.o):
    crt0.o                    cpu/crt0.s:4
_mainloop (window.o):
    calculator.o              runnable/calculator.s:14
_nmi_int (context.o):
    crt0.o                    cpu/crt0.s:4
_strcmp (mem.o):
    shell.o                   runnable/shell.s:13
addeq0sp (addeqsp.o):
    fs.o                      drivers/fs.s:234
addysp (addysp.o):
    incsp8.o                  runtime/incsp8.s:8
    incsp7.o                  runtime/incsp7.s:8
    incsp6.o                  runtime/incsp6.s:8
    incsp5.o                  runtime/incsp5.s:8
    incsp4.o                  runtime/incsp4.s:8
    incsp3.o                  runtime/incsp3.s:8
    window.o                  stdlib/window.s:707
    mem.o                     stdlib/mem.s:297
    calculator.o              runnable/calculator.s:743
    graphics.o                drivers/graphics.s:2354
    graphics.o                drivers/graphics.s:2354
addysp1 (addysp.o):
    sub.o                     runtime/sub.s:8
asraxy (asr.o):
    graphics.o                drivers/graphics.s:2354
booleq (makebool.o):
    graphics.o                drivers/graphics.s:2354
    graphics.o                drivers/graphics.s:2354
    graphics.o                drivers/graphics.s:2354
copydata (copydata.o):
    context.o                 tasks/context.s:2
    crt0.o                    cpu/crt0.s:9
decax1 (decax1.o):
    tasks.o                   tasks/tasks.s:542
    graphics.o                drivers/graphics.s:2354
    graphics.o                drivers/graphics.s:2354
    graphics.o                drivers/graphics.s:2354
decax7 (decax7.o):
    malloc.o                  stdlib/malloc.s:380
decaxy (decaxy.o):
    window.o                  stdlib/window.s:707
    window.o                  stdlib/window.s:707
    malloc.o                  stdlib/malloc.s:380
    calculator.o              runnable/calculator.s:743
    graphics.o                drivers/graphics.s:2354
    graphics.o                drivers/graphics.s:2354
decsp1 (decsp1.o):
    mem.o                     stdlib/mem.s:297
    graphics.o                drivers/graphics.s:2354
    graphics.o                drivers/graphics.s:2354
decsp2 (decsp2.o):
    tasks.o                   tasks/tasks.s:542
    window.o                  stdlib/window.s:707
    malloc.o                  stdlib/malloc.s:380
    shell.o                   runnable/shell.s:277
    calculator.o              runnable/calculator.s:743
    graphics.o                drivers/graphics.s:2354
    fs.o                      drivers/fs.s:234
decsp4 (decsp4.o):
    shell.o                   runnable/shell.s:277
decsp5 (decsp5.o):
    graphics.o                drivers/graphics.s:2354
donelib (condes.o):
    crt0.o                    cpu/crt0.s:9
incax1 (incax1.o):
    tasks.o                   tasks/tasks.s:542
    syscall.o                 stdlib/syscall.s:348
    syscall.o                 stdlib/syscall.s:348
    syscall.o                 stdlib/syscall.s:348
    mem.o                     stdlib/mem.s:297
    malloc.o                  stdlib/malloc.s:380
incax2 (incax2.o):
    tasks.o                   tasks/tasks.s:542
    window.o                  stdlib/window.s:707
    window.o                  stdlib/window.s:707
    syscall.o                 stdlib/syscall.s:348
    syscall.o                 stdlib/syscall.s:348
    syscall.o                 stdlib/syscall.s:348
    calculator.o              runnable/calculator.s:743
    calculator.o              runnable/calculator.s:743
incax3 (incax3.o):
    tasks.o                   tasks/tasks.s:542
    syscall.o                 stdlib/syscall.s:348
    syscall.o                 stdlib/syscall.s:348
    syscall.o                 stdlib/syscall.s:348
incax4 (incaxy.o):
    tasks.o                   tasks/tasks.s:542
    syscall.o                 stdlib/syscall.s:348
incax5 (incax5.o):
    tasks.o                   tasks/tasks.s:542
    syscall.o                 stdlib/syscall.s:348
incax6 (incax6.o):
    syscall.o                 stdlib/syscall.s:348
incax7 (incax7.o):
    malloc.o                  stdlib/malloc.s:380
    malloc.o                  stdlib/malloc.s:380
incaxy (incaxy.o):
    incax7.o                  runtime/incax7.s:8
    incax6.o                  runtime/incax6.s:8
    incax5.o                  runtime/incax5.s:8
    incax3.o                  runtime/incax3.s:8
    window.o                  stdlib/window.s:707
    mem.o                     stdlib/mem.s:297
    fs.o                      drivers/fs.s:234
incsp1 (incsp1.o):
    calculator.o              runnable/calculator.s:743
incsp2 (incsp2.o):
    staspidx.o                runtime/staspidx.s:8
    popptr1.o                 runtime/popptr1.s:8
    window.o                  stdlib/window.s:707
    syscall.o                 stdlib/syscall.s:348
    syscall.o                 stdlib/syscall.s:348
    serial.o                  drivers/serial.s:150
    graphics.o                drivers/graphics.s:2354
    fs.o                      drivers/fs.s:234
    fs.o                      drivers/fs.s:234
    fs.o                      drivers/fs.s:234
    fs.o                      drivers/fs.s:234
incsp3 (incsp3.o):
    tasks.o                   tasks/tasks.s:542
    serial.o                  drivers/serial.s:150
    graphics.o                drivers/graphics.s:2354
incsp4 (incsp4.o):
    tasks.o                   tasks/tasks.s:542
    window.o                  stdlib/window.s:707
    window.o                  stdlib/window.s:707
    malloc.o                  stdlib/malloc.s:380
    fs.o                      drivers/fs.s:234
incsp5 (incsp5.o):
    syscall.o                 stdlib/syscall.s:348
    mem.o                     stdlib/mem.s:297
    mem.o                     stdlib/mem.s:297
incsp6 (incsp6.o):
    malloc.o                  stdlib/malloc.s:380
    malloc.o                  stdlib/malloc.s:380
    graphics.o                drivers/graphics.s:2354
incsp7 (incsp7.o):
    window.o                  stdlib/window.s:707
    graphics.o                drivers/graphics.s:2354
    graphics.o                drivers/graphics.s:2354
incsp8 (incsp8.o):
    graphics.o                drivers/graphics.s:2354
    fs.o                      drivers/fs.s:234
initlib (condes.o):
    context.o                 tasks/context.s:2
    crt0.o                    cpu/crt0.s:9
jmpvec (jmpvec.o):
    window.o                  stdlib/window.s:707
ldax0sp (ldaxsp.o):
    tasks.o                   tasks/tasks.s:542
    window.o                  stdlib/window.s:707
    window.o                  stdlib/window.s:707
    syscall.o                 stdlib/syscall.s:348
    syscall.o                 stdlib/syscall.s:348
    malloc.o                  stdlib/malloc.s:380
    malloc.o                  stdlib/malloc.s:380
    malloc.o                  stdlib/malloc.s:380
    serial.o                  drivers/serial.s:150
    fs.o                      drivers/fs.s:234
    fs.o                      drivers/fs.s:234
    fs.o                      drivers/fs.s:234
    fs.o                      drivers/fs.s:234
    fs.o                      drivers/fs.s:234
ldaxi (ldaxi.o):
    fs.o                      drivers/fs.s:234
ldaxidx (ldaxi.o):
    tasks.o                   tasks/tasks.s:542
    window.o                  stdlib/window.s:707
    window.o                  stdlib/window.s:707
    malloc.o                  stdlib/malloc.s:380
    malloc.o                  stdlib/malloc.s:380
    malloc.o                  stdlib/malloc.s:380
ldaxysp (ldaxsp.o):
    tasks.o                   tasks/tasks.s:542
    window.o                  stdlib/window.s:707
    window.o                  stdlib/window.s:707
    window.o                  stdlib/window.s:707
    window.o                  stdlib/window.s:707
    mem.o                     stdlib/mem.s:297
    mem.o                     stdlib/mem.s:297
    malloc.o                  stdlib/malloc.s:380
    malloc.o                  stdlib/malloc.s:380
    calculator.o              runnable/calculator.s:743
    serial.o                  drivers/serial.s:150
    graphics.o                drivers/graphics.s:2354
    graphics.o                drivers/graphics.s:2354
    graphics.o                drivers/graphics.s:2354
    fs.o                      drivers/fs.s:234
leaa0sp (leaaxsp.o):
    mem.o                     stdlib/mem.s:297
    shell.o                   runnable/shell.s:277
mul8x16 (mul8.o):
    mul.o                     runtime/mul.s:8
mul8x16a (mul8.o):
    mul.o                     runtime/mul.s:8
mulax10 (mulax10.o):
    calculator.o              runnable/calculator.s:743
mulax3 (mulax3.o):
    tasks.o                   tasks/tasks.s:542
    tasks.o                   tasks/tasks.s:542
    tasks.o                   tasks/tasks.s:542
mulax9 (mulax9.o):
    window.o                  stdlib/window.s:707
    window.o                  stdlib/window.s:707
    graphics.o                drivers/graphics.s:2354
negax (negabs.o):
    shelp.o                   runtime/shelp.s:11
    mod.o                     runtime/mod.s:11
    div.o                     runtime/div.s:11
popax (incsp2.o):
    shelp.o                   runtime/shelp.s:11
    asr.o                     runtime/asr.s:15
popptr1 (popptr1.o):
    udiv.o                    runtime/udiv.s:9
    mul8.o                    runtime/mul8.s:9
    mul.o                     runtime/mul.s:9
popsargsudiv16 (shelp.o):
    mod.o                     runtime/mod.s:11
    div.o                     runtime/div.s:11
ptr1 (zeropage.o):
    zerobss.o                 common/zerobss.s:9
    udiv.o                    runtime/udiv.s:10
    staspidx.o                runtime/staspidx.s:9
    shelp.o                   runtime/shelp.s:12
    pushw.o                   runtime/pushw.s:9
    popptr1.o                 runtime/popptr1.s:9
    mulax9.o                  runtime/mulax9.s:10
    mulax3.o                  runtime/mulax3.s:9
    mulax10.o                 runtime/mulax10.s:9
    mul8.o                    runtime/mul8.s:10
    mul.o                     runtime/mul.s:10
    ldaxi.o                   runtime/ldaxi.s:8
    div.o                     runtime/div.s:12
    copydata.o                common/copydata.s:9
    tasks.o                   tasks/tasks.s:11
    window.o                  stdlib/window.s:11
    syscall.o                 stdlib/syscall.s:11
    mem.o                     stdlib/mem.s:11
    malloc.o                  stdlib/malloc.s:11
    shell.o                   runnable/shell.s:11
    calculator.o              runnable/calculator.s:11
    serial.o                  drivers/serial.s:11
    graphics.o                drivers/graphics.s:11
    fs.o                      drivers/fs.s:11
ptr2 (zeropage.o):
    copydata.o                common/copydata.s:9
    tasks.o                   tasks/tasks.s:11
    malloc.o                  stdlib/malloc.s:11
ptr4 (zeropage.o):
    udiv.o                    runtime/udiv.s:10
    shelp.o                   runtime/shelp.s:12
    mul8.o                    runtime/mul8.s:10
    mul.o                     runtime/mul.s:10
push0 (pushax.o):
    calculator.o              runnable/calculator.s:743
    fs.o                      drivers/fs.s:234
pusha (pusha.o):
    tasks.o                   tasks/tasks.s:542
    tasks.o                   tasks/tasks.s:542
    window.o                  stdlib/window.s:707
    window.o                  stdlib/window.s:707
    window.o                  stdlib/window.s:707
    syscall.o                 stdlib/syscall.s:348
    mem.o                     stdlib/mem.s:297
    mem.o                     stdlib/mem.s:297
    mem.o                     stdlib/mem.s:297
    shell.o                   runnable/shell.s:277
    shell.o                   runnable/shell.s:277
    calculator.o              runnable/calculator.s:743
    calculator.o              runnable/calculator.s:743
    calculator.o              runnable/calculator.s:743
    serial.o                  drivers/serial.s:150
    graphics.o                drivers/graphics.s:2354
    graphics.o                drivers/graphics.s:2354
    graphics.o                drivers/graphics.s:2354
    graphics.o                drivers/graphics.s:2354
    graphics.o                drivers/graphics.s:2354
    graphics.o                drivers/graphics.s:2354
    graphics.o                drivers/graphics.s:2354
    graphics.o                drivers/graphics.s:2354
pusha0 (pushax.o):
    window.o                  stdlib/window.s:707
    mem.o                     stdlib/mem.s:297
    graphics.o                drivers/graphics.s:2354
    graphics.o                drivers/graphics.s:2354
    graphics.o                drivers/graphics.s:2354
    graphics.o                drivers/graphics.s:2354
    graphics.o                drivers/graphics.s:2354
    graphics.o                drivers/graphics.s:2354
pushax (pushax.o):
    pushw.o                   runtime/pushw.s:8
    tasks.o                   tasks/tasks.s:542
    tasks.o                   tasks/tasks.s:542
    window.o                  stdlib/window.s:707
    window.o                  stdlib/window.s:707
    window.o                  stdlib/window.s:707
    window.o                  stdlib/window.s:707
    syscall.o                 stdlib/syscall.s:348
    syscall.o                 stdlib/syscall.s:348
    mem.o                     stdlib/mem.s:297
    mem.o                     stdlib/mem.s:297
    malloc.o                  stdlib/malloc.s:380
    malloc.o                  stdlib/malloc.s:380
    malloc.o                  stdlib/malloc.s:380
    shell.o                   runnable/shell.s:277
    calculator.o              runnable/calculator.s:743
    calculator.o              runnable/calculator.s:743
    serial.o                  drivers/serial.s:150
    serial.o                  drivers/serial.s:150
    graphics.o                drivers/graphics.s:2354
    graphics.o                drivers/graphics.s:2354
    graphics.o                drivers/graphics.s:2354
    fs.o                      drivers/fs.s:234
    fs.o                      drivers/fs.s:234
    fs.o                      drivers/fs.s:234
    fs.o                      drivers/fs.s:234
    fs.o                      drivers/fs.s:234
pushwidx (pushw.o):
    window.o                  stdlib/window.s:707
    malloc.o                  stdlib/malloc.s:380
pushwysp (pushwsp.o):
    mem.o                     stdlib/mem.s:297
    calculator.o              runnable/calculator.s:743
    fs.o                      drivers/fs.s:234
sp (zeropage.o):
    subysp.o                  runtime/subysp.s:9
    sub.o                     runtime/sub.s:9
    staxsp.o                  runtime/staxsp.s:8
    staspidx.o                runtime/staspidx.s:9
    pushwsp.o                 runtime/pushwsp.s:8
    pushax.o                  runtime/pushax.s:8
    pusha.o                   runtime/pusha.s:8
    popptr1.o                 runtime/popptr1.s:9
    leaaxsp.o                 runtime/leaaxsp.s:8
    ldaxsp.o                  runtime/ldaxsp.s:8
    incsp2.o                  runtime/incsp2.s:8
    incsp1.o                  runtime/incsp1.s:8
    icmp.o                    runtime/icmp.s:9
    decsp5.o                  runtime/decsp5.s:8
    decsp4.o                  runtime/decsp4.s:8
    decsp2.o                  runtime/decsp2.s:8
    decsp1.o                  runtime/decsp1.s:8
    addysp.o                  runtime/addysp.s:8
    addeqsp.o                 runtime/addeqsp.s:8
    tasks.o                   tasks/tasks.s:10
    context.o                 /Users/simas/cc65-master/asminc/zeropage.inc:11
    window.o                  stdlib/window.s:10
    syscall.o                 stdlib/syscall.s:10
    mem.o                     stdlib/mem.s:10
    malloc.o                  stdlib/malloc.s:10
    shell.o                   runnable/shell.s:10
    calculator.o              runnable/calculator.s:10
    serial.o                  drivers/serial.s:10
    graphics.o                drivers/graphics.s:10
    fs.o                      drivers/fs.s:10
    crt0.o                    /Users/simas/cc65-master/asminc/zeropage.inc:11
sreg (zeropage.o):
    udiv.o                    runtime/udiv.s:10
    mod.o                     runtime/mod.s:12
    icmp.o                    runtime/icmp.s:9
    tasks.o                   tasks/tasks.s:10
    window.o                  stdlib/window.s:10
    mem.o                     stdlib/mem.s:10
    malloc.o                  stdlib/malloc.s:10
    calculator.o              runnable/calculator.s:10
    fs.o                      drivers/fs.s:10
staspidx (staspidx.o):
    mem.o                     stdlib/mem.s:297
stax0sp (staxsp.o):
    malloc.o                  stdlib/malloc.s:380
    malloc.o                  stdlib/malloc.s:380
    fs.o                      drivers/fs.s:234
staxysp (staxsp.o):
    window.o                  stdlib/window.s:707
    window.o                  stdlib/window.s:707
    mem.o                     stdlib/mem.s:297
    malloc.o                  stdlib/malloc.s:380
    calculator.o              runnable/calculator.s:743
subysp (subysp.o):
    mem.o                     stdlib/mem.s:297
    shell.o                   runnable/shell.s:277
tmp1 (zeropage.o):
    staspidx.o                runtime/staspidx.s:9
    shelp.o                   runtime/shelp.s:12
    mul.o                     runtime/mul.s:10
    mod.o                     runtime/mod.s:12
    incaxy.o                  runtime/incaxy.s:8
    div.o                     runtime/div.s:12
    decaxy.o                  runtime/decaxy.s:8
    copydata.o                common/copydata.s:9
    asr.o                     runtime/asr.s:16
    graphics.o                drivers/graphics.s:11
tmp2 (zeropage.o):
    shelp.o                   runtime/shelp.s:12
    div.o                     runtime/div.s:12
tosdiva0 (div.o):
    mem.o                     stdlib/mem.s:297
    graphics.o                drivers/graphics.s:2354
tosdivax (div.o):
    calculator.o              runnable/calculator.s:743
tosicmp (icmp.o):
    window.o                  stdlib/window.s:707
    graphics.o                drivers/graphics.s:2354
    graphics.o                drivers/graphics.s:2354
    graphics.o                drivers/graphics.s:2354
    graphics.o                drivers/graphics.s:2354
    graphics.o                drivers/graphics.s:2354
tosmoda0 (mod.o):
    mem.o                     stdlib/mem.s:297
tosmula0 (mul8.o):
    graphics.o                drivers/graphics.s:2354
    graphics.o                drivers/graphics.s:2354
tosmulax (mul.o):
    calculator.o              runnable/calculator.s:743
tossuba0 (sub.o):
    mem.o                     stdlib/mem.s:297
tosumula0 (mul8.o):
    graphics.o                drivers/graphics.s:2354
    graphics.o                drivers/graphics.s:2354
udiv16 (udiv.o):
    shelp.o                   runtime/shelp.s:11
zerobss (zerobss.o):
    context.o                 tasks/context.s:2
    crt0.o                    cpu/crt0.s:9

